
EVA1_6

Microsoft Windows [Versión 10.0.22631.4037]
(c) Microsoft Corporation. Todos los derechos reservados.

C:\Users\estra>mysqlsh
MySQL Shell 8.0.38

Copyright (c) 2016, 2024, Oracle and/or its affiliates.
Oracle is a registered trademark of Oracle Corporation and/or its affiliates.
Other names may be trademarks of their respective owners.

Type '\help' or '\?' for help; '\quit' to exit.
 MySQL  JS > \mysql
Unknown command: '\mysql'
 MySQL  JS > \sql
Switching to SQL mode... Commands end with ;
 MySQL  SQL > connect -mc rootlocalhoost
ERROR: Not connected.
           -> connect -mc rootlocalhoost;
ERROR: Not connected.
 MySQL  SQL > \connect -mc rootlocalhoost
WARNING: The -mc option was deprecated, please use --mc instead. (Option has been processed as --mc).
Creating a Classic session to 'estra@rootlocalhoost'
Please provide the password for 'estra@rootlocalhoost':
MySQL Error 2005 (HY000): Unknown MySQL server host 'rootlocalhoost' (11001)
 MySQL  SQL > \connect --mc rootlocalhoost
Creating a Classic session to 'estra@rootlocalhoost'
Please provide the password for 'estra@rootlocalhoost': **********
MySQL Error 2005 (HY000): Unknown MySQL server host 'rootlocalhoost' (11001)
 MySQL  SQL > \connect --mc root@localhost
Creating a Classic session to 'root@localhost'
Fetching global names for auto-completion... Press ^C to stop.
Your MySQL connection id is 8
Server version: 8.0.39 MySQL Community Server - GPL
No default schema selected; type \use <schema> to set one.
 MySQL  localhost:3306 ssl  SQL > show tables;
ERROR: 1046 (3D000): No database selected
 MySQL  localhost:3306 ssl  SQL > use tbd_e1;
Default schema set to `tbd_e1`.
Fetching global names, object names from `tbd_e1` for auto-completion... Press ^C to stop.
 MySQL  localhost:3306 ssl  tbd_e1  SQL > show tables;
+------------------+
| Tables_in_tbd_e1 |
+------------------+
| carro            |
| primer_tabla     |
| student          |
+------------------+
3 rows in set (0.0116 sec)
 MySQL  localhost:3306 ssl  tbd_e1  SQL > create table telefono;
ERROR: 4028 (HY000): A table must have at least one visible column.
 MySQL  localhost:3306 ssl  tbd_e1  SQL > create table tc(id varchar(30), marca varchar (30), modelo varchar(30), tamaño int(30));
Query OK, 0 rows affected, 1 warning (0.0766 sec)
Warning (code 1681): Integer display width is deprecated and will be removed in a future release.
 MySQL  localhost:3306 ssl  tbd_e1  SQL > intert into tv value ('652g85d6', 'samsung', '5d5f', '75')
                                       -> ;
ERROR: 1064 (42000): You have an error in your SQL syntax; check the manual that corresponds to your MySQL server version for the right syntax to use near 'intert into tv value ('652g85d6', 'samsung', '5d5f', '75')' at line 1
 MySQL  localhost:3306 ssl  tbd_e1  SQL > insert into tv value ('652g85d6', 'samsung', '5d5f', '75');
ERROR: 1146 (42S02): Table 'tbd_e1.tv' doesn't exist
 MySQL  localhost:3306 ssl  tbd_e1  SQL > insert into tv value ('652g85d6', 'samsung', '5d5f', 75);
ERROR: 1146 (42S02): Table 'tbd_e1.tv' doesn't exist
 MySQL  localhost:3306 ssl  tbd_e1  SQL > insert into tc value ('652g85d6', 'samsung', '5d5f', 75);
Query OK, 1 row affected (0.0536 sec)
 MySQL  localhost:3306 ssl  tbd_e1  SQL > create table peliculas(id int auto_increment key, titulo varchar(30), genero varchar(30); clasificacion(30));
ERROR: 1064 (42000): You have an error in your SQL syntax; check the manual that corresponds to your MySQL server version for the right syntax to use near '' at line 1
ERROR: 1064 (42000): You have an error in your SQL syntax; check the manual that corresponds to your MySQL server version for the right syntax to use near 'clasificacion(30))' at line 1
 MySQL  localhost:3306 ssl  tbd_e1  SQL > create table peliculas(id int auto_increment key, titulo varchar(30) not null, genero varchar(30) not null, clasificacion(30) not null);
ERROR: 1064 (42000): You have an error in your SQL syntax; check the manual that corresponds to your MySQL server version for the right syntax to use near '(30) not null)' at line 1
 MySQL  localhost:3306 ssl  tbd_e1  SQL > create table peliculas(id int auto_increment key, titulo varchar(30) not null, genero varchar(30) not null, clasificacion varchar(30) not null);
Query OK, 0 rows affected (0.0417 sec)
 MySQL  localhost:3306 ssl  tbd_e1  SQL > insert into peliculas('1','coraline', 'comedia','pg13');
ERROR: 1064 (42000): You have an error in your SQL syntax; check the manual that corresponds to your MySQL server version for the right syntax to use near ''1','coraline', 'comedia','pg13')' at line 1
 MySQL  localhost:3306 ssl  tbd_e1  SQL > insert into peliculas value('1','coraline', 'comedia','pg13');
Query OK, 1 row affected (0.0150 sec)
 MySQL  localhost:3306 ssl  tbd_e1  SQL > insert into peliculas value('2','titanic','comedia','pg13');
Query OK, 1 row affected (0.0154 sec)
 MySQL  localhost:3306 ssl  tbd_e1  SQL > insert into peliculas value('3','chavo del 8','drama','aa');
Query OK, 1 row affected (0.0199 sec)
 MySQL  localhost:3306 ssl  tbd_e1  SQL > insert into peliculas(titulo,genero,clasificacion) value('jurassic park', 'terror', 'pg13');
Query OK, 1 row affected (0.0208 sec)
 MySQL  localhost:3306 ssl  tbd_e1  SQL > show table peliculas
                                       -> ;
ERROR: 1064 (42000): You have an error in your SQL syntax; check the manual that corresponds to your MySQL server version for the right syntax to use near 'peliculas' at line 1
 MySQL  localhost:3306 ssl  tbd_e1  SQL > select * from peliculas;
+----+---------------+---------+---------------+
| id | titulo        | genero  | clasificacion |
+----+---------------+---------+---------------+
|  1 | coraline      | comedia | pg13          |
|  2 | titanic       | comedia | pg13          |
|  3 | chavo del 8   | drama   | aa            |
|  4 | jurassic park | terror  | pg13          |
+----+---------------+---------+---------------+
4 rows in set (0.0009 sec)
 MySQL  localhost:3306 ssl  tbd_e1  SQL > create table mascota(id int auto_increment key, nombre mascota varchar(30) not null, especie varchar(30) not full; raza varchar(30), dueño varchar(30) not full));
ERROR: 1064 (42000): You have an error in your SQL syntax; check the manual that corresponds to your MySQL server version for the right syntax to use near 'mascota varchar(30) not null, especie varchar(30) not full' at line 1
ERROR: 1064 (42000): You have an error in your SQL syntax; check the manual that corresponds to your MySQL server version for the right syntax to use near 'raza varchar(30), dueño varchar(30) not full))' at line 1
 MySQL  localhost:3306 ssl  tbd_e1  SQL > create table mascota(id int auto_increment key, nombre mascota varchar(30) not null, especie varchar(30) not null;raza varchar(30), dueño varchar(30) not null));
ERROR: 1064 (42000): You have an error in your SQL syntax; check the manual that corresponds to your MySQL server version for the right syntax to use near 'mascota varchar(30) not null, especie varchar(30) not null' at line 1
ERROR: 1064 (42000): You have an error in your SQL syntax; check the manual that corresponds to your MySQL server version for the right syntax to use near 'raza varchar(30), dueño varchar(30) not null))' at line 1
 MySQL  localhost:3306 ssl  tbd_e1  SQL > create table mascota(id int auto_increment key, nombre mascota varchar(30) not null, especie varchar(30) not null, raza varchar(30), dueño varchar(30) not null));
ERROR: 1064 (42000): You have an error in your SQL syntax; check the manual that corresponds to your MySQL server version for the right syntax to use near 'mascota varchar(30) not null, especie varchar(30) not null, raza varchar(30), du' at line 1
 MySQL  localhost:3306 ssl  tbd_e1  SQL > create table mascota(id int auto_increment key, nombre mascota varchar(30) not null, especie varchar(30) not null, raza varchar(30), dueño varchar(30) not null);
ERROR: 1064 (42000): You have an error in your SQL syntax; check the manual that corresponds to your MySQL server version for the right syntax to use near 'mascota varchar(30) not null, especie varchar(30) not null, raza varchar(30), du' at line 1
 MySQL  localhost:3306 ssl  tbd_e1  SQL > create table mascota(id int auto_increment key, nombre mascota varchar(30) not null, especie varchar(30) not null, raza varchar(30), dueño varchar(30) not null);
ERROR: 1064 (42000): You have an error in your SQL syntax; check the manual that corresponds to your MySQL server version for the right syntax to use near 'mascota varchar(30) not null, especie varchar(30) not null, raza varchar(30), du' at line 1
 MySQL  localhost:3306 ssl  tbd_e1  SQL > create table mascota(id int auto_increment key, nombre_mascota varchar(30) not null, especie varchar(30) not null, raza varchar(30), dueño varchar(30) not null);
Query OK, 0 rows affected (0.0416 sec)
 MySQL  localhost:3306 ssl  tbd_e1  SQL > instert into mascota value('1','cookie', 'perro','mestizo', 'paco');
ERROR: 1064 (42000): You have an error in your SQL syntax; check the manual that corresponds to your MySQL server version for the right syntax to use near 'instert into mascota value('1','cookie', 'perro','mestizo', 'paco')' at line 1
 MySQL  localhost:3306 ssl  tbd_e1  SQL > insert into mascota value('1','cookie', 'perro','mestizo', 'paco');
Query OK, 1 row affected (0.0136 sec)
 MySQL  localhost:3306 ssl  tbd_e1  SQL > select * from mascota;
+----+----------------+---------+---------+-------+
| id | nombre_mascota | especie | raza    | dueño |
+----+----------------+---------+---------+-------+
|  1 | cookie         | perro   | mestizo | paco  |
+----+----------------+---------+---------+-------+
1 row in set (0.0008 sec)
 MySQL  localhost:3306 ssl  tbd_e1  SQL >