Microsoft Windows [Versión 10.0.22631.4037]
(c) Microsoft Corporation. Todos los derechos reservados.

C:\Users\estra> \sql
"\sql" no se reconoce como un comando interno o externo,
programa o archivo por lotes ejecutable.

C:\Users\estra>\mysql
"\mysql" no se reconoce como un comando interno o externo,
programa o archivo por lotes ejecutable.

C:\Users\estra>\mysqlsh
"\mysqlsh" no se reconoce como un comando interno o externo,
programa o archivo por lotes ejecutable.

C:\Users\estra>\sql
"\sql" no se reconoce como un comando interno o externo,
programa o archivo por lotes ejecutable.

C:\Users\estra> mysqlsh
MySQL Shell 8.0.38

Copyright (c) 2016, 2024, Oracle and/or its affiliates.
Oracle is a registered trademark of Oracle Corporation and/or its affiliates.
Other names may be trademarks of their respective owners.

Type '\help' or '\?' for help; '\quit' to exit.
 MySQL  JS > \sql
Switching to SQL mode... Commands end with ;
 MySQL  SQL > \connect --mc
Creating a Classic session to 'estra@localhost'
Please provide the password for 'estra@localhost': **********
MySQL Error 1045 (28000): Access denied for user 'estra'@'localhost' (using password: YES)
 MySQL  SQL > N
ERROR: Not connected.
           ->
           -> no
           -> \connect --mc
           -> y
           -> YES
           -> ;
ERROR: Not connected.
ERROR: Unknown command '\c'
 MySQL  SQL > \connect --mc
Creating a Classic session to 'estra@localhost'
Please provide the password for 'estra@localhost': **********
MySQL Error 1045 (28000): Access denied for user 'estra'@'localhost' (using password: YES)
 MySQL  SQL >
 MySQL  SQL > ;
ERROR: Not connected.
 MySQL  SQL > \connect --mc
Creating a Classic session to 'estra@localhost'
Please provide the password for 'estra@localhost': **********
MySQL Error 1045 (28000): Access denied for user 'estra'@'localhost' (using password: YES)
 MySQL  SQL > YES
ERROR: Not connected.
           -> ;
ERROR: Not connected.
 MySQL  SQL > \connect --mc
Creating a Classic session to 'estra@localhost'
Please provide the password for 'estra@localhost': **
MySQL Error 1045 (28000): Access denied for user 'estra'@'localhost' (using password: YES)
 MySQL  SQL > ;
ERROR: Not connected.
 MySQL  SQL > \connect --mc root@localhost
Creating a Classic session to 'root@localhost'
Fetching global names for auto-completion... Press ^C to stop.
Your MySQL connection id is 12
Server version: 8.0.39 MySQL Community Server - GPL
No default schema selected; type \use <schema> to set one.
 MySQL  localhost:3306 ssl  SQL > create database tbd_e1;
Query OK, 1 row affected (0.0084 sec)
 MySQL  localhost:3306 ssl  SQL > show databases;
+--------------------+
| Database           |
+--------------------+
| information_schema |
| mysql              |
| performance_schema |
| sakila             |
| sys                |
| tbd_e1             |
| world              |
+--------------------+
7 rows in set (0.0014 sec)
 MySQL  localhost:3306 ssl  SQL > use tbd_e1;
Default schema set to `tbd_e1`.
Fetching global names, object names from `tbd_e1` for auto-completion... Press ^C to stop.
 MySQL  localhost:3306 ssl  tbd_e1  SQL > show tables;
Empty set (0.0243 sec)
 MySQL  localhost:3306 ssl  tbd_e1  SQL > drop database tbd_e1;
Query OK, 0 rows affected (0.0194 sec)
 MySQL  localhost:3306 ssl  tbd_e1  SQL > show tables;
ERROR: 1046 (3D000): No database selected
 MySQL  localhost:3306 ssl  tbd_e1  SQL > show databases;
+--------------------+
| Database           |
+--------------------+
| information_schema |
| mysql              |
| performance_schema |
| sakila             |
| sys                |
| world              |
+--------------------+
6 rows in set (0.0012 sec)
 MySQL  localhost:3306 ssl  tbd_e1  SQL > create database tbd_e1;
Query OK, 1 row affected (0.0080 sec)
 MySQL  localhost:3306 ssl  tbd_e1  SQL > show databases;
+--------------------+
| Database           |
+--------------------+
| information_schema |
| mysql              |
| performance_schema |
| sakila             |
| sys                |
| tbd_e1             |
| world              |
+--------------------+
7 rows in set (0.0013 sec)
 MySQL  localhost:3306 ssl  tbd_e1  SQL > use tbd_e1;
Default schema set to `tbd_e1`.
Fetching global names, object names from `tbd_e1` for auto-completion... Press ^C to stop.
 MySQL  localhost:3306 ssl  tbd_e1  SQL > create table primer_tabla(
                                       ->                                        -> id int);
ERROR: 1064 (42000): You have an error in your SQL syntax; check the manual that corresponds to your MySQL server version for the right syntax to use near '-> id int)' at line 2
 MySQL  localhost:3306 ssl  tbd_e1  SQL > create table primer_tabla(
                                       -> id int);
Query OK, 0 rows affected (0.0327 sec)
 MySQL  localhost:3306 ssl  tbd_e1  SQL > show tables;
+------------------+
| Tables_in_tbd_e1 |
+------------------+
| primer_tabla     |
+------------------+
1 row in set (0.0014 sec)
 MySQL  localhost:3306 ssl  tbd_e1  SQL > drop table primer_tabla;
Query OK, 0 rows affected (0.0149 sec)
 MySQL  localhost:3306 ssl  tbd_e1  SQL > show tables;
Empty set (0.0019 sec)
 MySQL  localhost:3306 ssl  tbd_e1  SQL > create table primer_tabla( id int);
Query OK, 0 rows affected (0.0229 sec)
 MySQL  localhost:3306 ssl  tbd_e1  SQL > drop database tbd_e1;
Query OK, 1 row affected (0.0225 sec)
 MySQL  localhost:3306 ssl  tbd_e1  SQL > create database tbd_e1;
Query OK, 1 row affected (0.0141 sec)
 MySQL  localhost:3306 ssl  tbd_e1  SQL >  use tbd_e1;
Default schema set to `tbd_e1`.
Fetching global names, object names from `tbd_e1` for auto-completion... Press ^C to stop.
 MySQL  localhost:3306 ssl  tbd_e1  SQL > create table primer_tabla( id int);
Query OK, 0 rows affected (0.0182 sec)
 MySQL  localhost:3306 ssl  tbd_e1  SQL > show databases;
+--------------------+
| Database           |
+--------------------+
| information_schema |
| mysql              |
| performance_schema |
| sakila             |
| sys                |
| tbd_e1             |
| world              |
+--------------------+
7 rows in set (0.0014 sec)
 MySQL  localhost:3306 ssl  tbd_e1  SQL > show tables;
+------------------+
| Tables_in_tbd_e1 |
+------------------+
| primer_tabla     |
+------------------+
1 row in set (0.0016 sec)
 MySQL  localhost:3306 ssl  tbd_e1  SQL > \desconnect
Unknown command: '\desconnect  '
 MySQL  localhost:3306 ssl  tbd_e1  SQL > \disconnect
 MySQL  SQL >