EVA1_4

Microsoft Windows [Versión 10.0.22631.4037]
(c) Microsoft Corporation. Todos los derechos reservados.

C:\Users\estra> \sql
"\sql" no se reconoce como un comando interno o externo,
programa o archivo por lotes ejecutable.

C:\Users\estra>\sqlsh
"\sqlsh" no se reconoce como un comando interno o externo,
programa o archivo por lotes ejecutable.

C:\Users\estra>\mysqlsh
"\mysqlsh" no se reconoce como un comando interno o externo,
programa o archivo por lotes ejecutable.

C:\Users\estra>\mysql
"\mysql" no se reconoce como un comando interno o externo,
programa o archivo por lotes ejecutable.

C:\Users\estra>mysqlsh
MySQL Shell 8.0.38

Copyright (c) 2016, 2024, Oracle and/or its affiliates.
Oracle is a registered trademark of Oracle Corporation and/or its affiliates.
Other names may be trademarks of their respective owners.

Type '\help' or '\?' for help; '\quit' to exit.
 MySQL  JS > \connect --mc root@localhost
Creating a Classic session to 'root@localhost'
Fetching schema names for auto-completion... Press ^C to stop.
Your MySQL connection id is 8
Server version: 8.0.39 MySQL Community Server - GPL
No default schema selected; type \use <schema> to set one.
 MySQL  localhost:3306 ssl  JS > use tbd e1
SyntaxError: Unexpected identifier 'tbd'
 MySQL  localhost:3306 ssl  JS > \use tbd e1
Incorrect number of arguments for use command, usage:
\use <schema_name>
 MySQL  localhost:3306 ssl  JS > use tbd e1;
SyntaxError: Unexpected identifier 'tbd'
 MySQL  localhost:3306 ssl  JS > use tbd e1;
SyntaxError: Unexpected identifier 'tbd'
 MySQL  localhost:3306 ssl  JS > use tbd_e1;
SyntaxError: Unexpected identifier 'tbd_e1'
 MySQL  localhost:3306 ssl  JS > use tbd_e1;
SyntaxError: Unexpected identifier 'tbd_e1'
 MySQL  localhost:3306 ssl  JS > use 'tbd_e1';
SyntaxError: Unexpected string
 MySQL  localhost:3306 ssl  JS > create table STUDENT(
SyntaxError: Unexpected identifier 'table'
 MySQL  localhost:3306 ssl  JS > show tables;
SyntaxError: Unexpected identifier 'tables'
 MySQL  localhost:3306 ssl  JS > \sql
Switching to SQL mode... Commands end with ;
Fetching global names for auto-completion... Press ^C to stop.
 MySQL  localhost:3306 ssl  SQL > \connect --mc root@localhost
Creating a Classic session to 'root@localhost'
Fetching global names for auto-completion... Press ^C to stop.
Closing old connection...
Your MySQL connection id is 9
Server version: 8.0.39 MySQL Community Server - GPL
No default schema selected; type \use <schema> to set one.
 MySQL  localhost:3306 ssl  SQL > use tbd_e1;
Default schema set to `tbd_e1`.
Fetching global names, object names from `tbd_e1` for auto-completion... Press ^C to stop.
 MySQL  localhost:3306 ssl  tbd_e1  SQL > create table STUDENT(
                                       -> name varchar (50),SSN varchar(11), Home_phone varchar(8), Address varchar (100), Age int);
Query OK, 0 rows affected (0.0213 sec)
 MySQL  localhost:3306 ssl  tbd_e1  SQL > show tables;
+------------------+
| Tables_in_tbd_e1 |
+------------------+
| primer_tabla     |
| student          |
+------------------+
2 rows in set (0.0034 sec)
 MySQL  localhost:3306 ssl  tbd_e1  SQL > show students;
ERROR: 1064 (42000): You have an error in your SQL syntax; check the manual that corresponds to your MySQL server version for the right syntax to use near 'students' at line 1
 MySQL  localhost:3306 ssl  tbd_e1  SQL > show STUDENT;
ERROR: 1064 (42000): You have an error in your SQL syntax; check the manual that corresponds to your MySQL server version for the right syntax to use near 'STUDENT' at line 1
 MySQL  localhost:3306 ssl  tbd_e1  SQL > desc Student;
+------------+--------------+------+-----+---------+-------+
| Field      | Type         | Null | Key | Default | Extra |
+------------+--------------+------+-----+---------+-------+
| name       | varchar(50)  | YES  |     | NULL    |       |
| SSN        | varchar(11)  | YES  |     | NULL    |       |
| Home_phone | varchar(8)   | YES  |     | NULL    |       |
| Address    | varchar(100) | YES  |     | NULL    |       |
| Age        | int          | YES  |     | NULL    |       |
+------------+--------------+------+-----+---------+-------+
5 rows in set (0.0023 sec)
 MySQL  localhost:3306 ssl  tbd_e1  SQL > show create table STUDENT;
+---------+--------------------------------------------------------------------------------------------------------------------------------------------------------------------------------------------------------------------------------------------------------------------------+
| Table   | Create Table
                                                                                                                         |
+---------+--------------------------------------------------------------------------------------------------------------------------------------------------------------------------------------------------------------------------------------------------------------------------+
| STUDENT | CREATE TABLE `student` (
  `name` varchar(50) DEFAULT NULL,
  `SSN` varchar(11) DEFAULT NULL,
  `Home_phone` varchar(8) DEFAULT NULL,
  `Address` varchar(100) DEFAULT NULL,
  `Age` int DEFAULT NULL
) ENGINE=InnoDB DEFAULT CHARSET=utf8mb4 COLLATE=utf8mb4_0900_ai_ci |
+---------+--------------------------------------------------------------------------------------------------------------------------------------------------------------------------------------------------------------------------------------------------------------------------+
1 row in set (0.0034 sec)
 MySQL  localhost:3306 ssl  tbd_e1  SQL >